-----------------------------------------------------
Matrix name:     cant/cant.mtx
Matrix size:     62451 x 62451 => 2034917
-----------------------------------------------------
Is matrix:       1
Is sparse:       1
-----------------------------------------------------
Is complex:      0
Is real:         1
Is integer:      0
Is pattern only: 0
-----------------------------------------------------
Is general:      0
Is symmetric:    1
Is skewed:       0
Is hermitian:    0
-----------------------------------------------------
Matrix file name: cant/cant.mtx ... file loaded.
Expanding symmetric matrix ... done
  Total # of non-zeros is 4007383
Converting COO to CSR...done
Vector file name: cant/b.mtx ... file loaded
Executing GPU CSR SpMV ... 
  Pinned Device to Host bandwidth (GB/s): 1.595769
  Pinned Device to Host bandwidth (GB/s): 4.168036
  Pinned Device to Host bandwidth (GB/s): 10.973479
  Pinned Device to Host bandwidth (GB/s): 7.343721
Executing GPU CSR SpMV allocation complete
  Exec time (per itr): 0.00015285 s
Executing GPU CSR SpMV kernel complete
  Pinned Host to Device bandwidth (GB/s): 1.814803
Executing GPU ELL SpMV ... 
  Pinned Device to Host bandwidth (GB/s): 0.176471
  Pinned Device to Host bandwidth (GB/s): 0.391960
  Pinned Device to Host bandwidth (GB/s): 7.480953
GPU ELL SpMV allocated... 
  Exec time (per itr): 0.00014727 s
Executing GPU ELL SpMV kernel... 
  Pinned Host to Device bandwidth (GB/s): 2.052419
Calculating CPU CSR SpMV ... done
2-Norm between CPU and GPU answers: 4.806912e+05
Result file name: ./test.mtx ... file saved
Module		Time
Load		0.602337
Convert		0.023070
CPU SpMV	0.022755
GPU Alloc	0.237307
GPU SpMV	0.015307
GPU ELL SpMV	0.014744
Store		0.107668
