-----------------------------------------------------
Matrix name:     cant/cant.mtx
Matrix size:     62451 x 62451 => 2034917
-----------------------------------------------------
Is matrix:       1
Is sparse:       1
-----------------------------------------------------
Is complex:      0
Is real:         1
Is integer:      0
Is pattern only: 0
-----------------------------------------------------
Is general:      0
Is symmetric:    1
Is skewed:       0
Is hermitian:    0
-----------------------------------------------------
Matrix file name: cant/cant.mtx ... file loaded.
Expanding symmetric matrix ... done
  Total # of non-zeros is 4007383
Converting COO to CSR...done
Vector file name: cant/b.mtx ... file loaded
Executing GPU CSR SpMV ... 
  Pinned Device to Host bandwidth (GB/s): 1.546760
  Pinned Device to Host bandwidth (GB/s): 4.842361
  Pinned Device to Host bandwidth (GB/s): 4.864722
  Pinned Device to Host bandwidth (GB/s): 7.470215
Executing GPU CSR SpMV allocation complete
  Exec time (per itr): 0.00015318 s
Executing GPU CSR SpMV kernel complete
  Pinned Host to Device bandwidth (GB/s): 1.830334
Executing GPU ELL SpMV ... 
  Pinned Device to Host bandwidth (GB/s): 0.146800
  Pinned Device to Host bandwidth (GB/s): 0.406250
  Pinned Device to Host bandwidth (GB/s): 7.502523
GPU ELL SpMV allocated... 
  Exec time (per itr): 0.00014746 s
Executing GPU ELL SpMV kernel... 
  Pinned Host to Device bandwidth (GB/s): 2.058100
Calculating CPU CSR SpMV ... done
2-Norm between CPU and GPU answers: 4.806912e+05
Result file name: ./test.mtx ... file saved
Module		Time
Load		0.618718
Convert		0.025545
CPU SpMV	0.023666
GPU Alloc	0.246211
GPU SpMV	0.015339
GPU ELL SpMV	0.014768
Store		0.025876
