-----------------------------------------------------
Matrix name:     cant/cant.mtx
Matrix size:     62451 x 62451 => 2034917
-----------------------------------------------------
Is matrix:       1
Is sparse:       1
-----------------------------------------------------
Is complex:      0
Is real:         1
Is integer:      0
Is pattern only: 0
-----------------------------------------------------
Is general:      0
Is symmetric:    1
Is skewed:       0
Is hermitian:    0
-----------------------------------------------------
Matrix file name: cant/cant.mtx ... file loaded.
Expanding symmetric matrix ... done
  Total # of non-zeros is 4007383
Converting COO to CSR...done
Vector file name: cant/b.mtx ... file loaded
Executing GPU CSR SpMV ... 
  Pinned Device to Host bandwidth (GB/s): 1.555080
  Pinned Device to Host bandwidth (GB/s): 4.726579
  Pinned Device to Host bandwidth (GB/s): 4.670784
  Pinned Device to Host bandwidth (GB/s): 7.424037
Executing GPU CSR SpMV allocation complete
  Exec time (per itr): 0.00015326 s
Executing GPU CSR SpMV kernel complete
  Pinned Host to Device bandwidth (GB/s): 1.667851
Executing GPU ELL SpMV ... 
  Pinned Device to Host bandwidth (GB/s): 0.178354
  Pinned Device to Host bandwidth (GB/s): 0.395939
  Pinned Device to Host bandwidth (GB/s): 7.129110
GPU ELL SpMV allocated... 
  Exec time (per itr): 0.00014778 s
Executing GPU ELL SpMV kernel... 
  Pinned Host to Device bandwidth (GB/s): 2.080036
Calculating CPU CSR SpMV ... done
2-Norm between CPU and GPU answers: 4.806912e+05
Result file name: ./test.mtx ... file saved
Module		Time
Load		0.655828
Convert		0.025393
CPU SpMV	0.022781
GPU Alloc	0.247186
GPU SpMV	0.015347
GPU ELL SpMV	0.014798
Store		0.097170
