-----------------------------------------------------
Matrix name:     cant/cant.mtx
Matrix size:     62451 x 62451 => 2034917
-----------------------------------------------------
Is matrix:       1
Is sparse:       1
-----------------------------------------------------
Is complex:      0
Is real:         1
Is integer:      0
Is pattern only: 0
-----------------------------------------------------
Is general:      0
Is symmetric:    1
Is skewed:       0
Is hermitian:    0
-----------------------------------------------------
Matrix file name: cant/cant.mtx ... file loaded.
Expanding symmetric matrix ... done
  Total # of non-zeros is 4007383
Converting COO to CSR...done
Vector file name: cant/b.mtx ... file loaded
Executing GPU CSR SpMV ... 
  Pinned Device to Host bandwidth (GB/s): 1.781899
  Pinned Device to Host bandwidth (GB/s): 4.482531
  Pinned Device to Host bandwidth (GB/s): 4.898882
  Pinned Device to Host bandwidth (GB/s): 7.455945
Executing GPU CSR SpMV allocation complete
  Exec time (per itr): 0.00015311 s
Executing GPU CSR SpMV kernel complete
  Pinned Host to Device bandwidth (GB/s): 1.780854
Executing GPU ELL SpMV ... 
  Pinned Device to Host bandwidth (GB/s): 0.171806
  Pinned Device to Host bandwidth (GB/s): 0.397959
  Pinned Device to Host bandwidth (GB/s): 7.234824
GPU ELL SpMV allocated... 
  Exec time (per itr): 0.00014755 s
Executing GPU ELL SpMV kernel... 
  Pinned Host to Device bandwidth (GB/s): 2.045428
Calculating CPU CSR SpMV ... done
2-Norm between CPU and GPU answers: 4.806912e+05
Result file name: ./test.mtx ... file saved
Module		Time
Load		0.596177
Convert		0.023833
CPU SpMV	0.022543
GPU Alloc	0.244522
GPU SpMV	0.015331
GPU ELL SpMV	0.014778
Store		0.016160
