-----------------------------------------------------
Matrix name:     cant/cant.mtx
Matrix size:     62451 x 62451 => 2034917
-----------------------------------------------------
Is matrix:       1
Is sparse:       1
-----------------------------------------------------
Is complex:      0
Is real:         1
Is integer:      0
Is pattern only: 0
-----------------------------------------------------
Is general:      0
Is symmetric:    1
Is skewed:       0
Is hermitian:    0
-----------------------------------------------------
Matrix file name: cant/cant.mtx ... file loaded.
Expanding symmetric matrix ... done
  Total # of non-zeros is 4007383
Converting COO to CSR...done
Vector file name: cant/b.mtx ... file loaded
Executing GPU CSR SpMV ... 
  Pinned Device to Host bandwidth (GB/s): 1.828648
  Pinned Device to Host bandwidth (GB/s): 4.145717
  Pinned Device to Host bandwidth (GB/s): 17.444642
  Pinned Device to Host bandwidth (GB/s): 7.553339
Executing GPU CSR SpMV allocation complete
  Exec time (per itr): 0.00043444 s
Executing GPU CSR SpMV kernel complete
  Pinned Host to Device bandwidth (GB/s): 1.604269
Executing GPU ELL SpMV ... 
  Pinned Device to Host bandwidth (GB/s): 0.210432
  Pinned Device to Host bandwidth (GB/s): 0.386777
  Pinned Device to Host bandwidth (GB/s): 7.579005
GPU ELL SpMV allocated... 
  Exec time (per itr): 0.00041966 s
Executing GPU ELL SpMV kernel... 
  Pinned Host to Device bandwidth (GB/s): 1.258788
Calculating CPU CSR SpMV ... done
2-Norm between CPU and GPU answers: 4.806912e+05
Result file name: ./test.mtx ... file saved
Module		Time
Load		0.580042
Convert		0.025944
CPU SpMV	0.023441
GPU Alloc	0.203625
GPU SpMV	0.043463
GPU ELL SpMV	0.041984
Store		0.118401
