-----------------------------------------------------
Matrix name:     cant/cant.mtx
Matrix size:     62451 x 62451 => 2034917
-----------------------------------------------------
Is matrix:       1
Is sparse:       1
-----------------------------------------------------
Is complex:      0
Is real:         1
Is integer:      0
Is pattern only: 0
-----------------------------------------------------
Is general:      0
Is symmetric:    1
Is skewed:       0
Is hermitian:    0
-----------------------------------------------------
Matrix file name: cant/cant.mtx ... file loaded.
Expanding symmetric matrix ... done
  Total # of non-zeros is 4007383
Converting COO to CSR...done
Vector file name: cant/b.mtx ... file loaded
Executing GPU CSR SpMV ... 
  Pinned Device to Host bandwidth (GB/s): 1.766576
  Pinned Device to Host bandwidth (GB/s): 4.915346
  Pinned Device to Host bandwidth (GB/s): 5.146538
  Pinned Device to Host bandwidth (GB/s): 7.438185
Executing GPU CSR SpMV allocation complete
  Exec time (per itr): 0.00015342 s
Executing GPU CSR SpMV kernel complete
  Pinned Host to Device bandwidth (GB/s): 1.673931
Executing GPU ELL SpMV ... 
  Pinned Device to Host bandwidth (GB/s): 0.130872
  Pinned Device to Host bandwidth (GB/s): 0.402062
  Pinned Device to Host bandwidth (GB/s): 7.142154
GPU ELL SpMV allocated... 
  Exec time (per itr): 0.00014764 s
Executing GPU ELL SpMV kernel... 
  Pinned Host to Device bandwidth (GB/s): 1.987366
Calculating CPU CSR SpMV ... done
2-Norm between CPU and GPU answers: 4.806912e+05
Result file name: ./test.mtx ... file saved
Module		Time
Load		0.616803
Convert		0.025594
CPU SpMV	0.022772
GPU Alloc	0.251752
GPU SpMV	0.015364
GPU ELL SpMV	0.014788
Store		0.017733
