-----------------------------------------------------
Matrix name:     cant/cant.mtx
Matrix size:     62451 x 62451 => 2034917
-----------------------------------------------------
Is matrix:       1
Is sparse:       1
-----------------------------------------------------
Is complex:      0
Is real:         1
Is integer:      0
Is pattern only: 0
-----------------------------------------------------
Is general:      0
Is symmetric:    1
Is skewed:       0
Is hermitian:    0
-----------------------------------------------------
Matrix file name: cant/cant.mtx ... file loaded.
Expanding symmetric matrix ... done
  Total # of non-zeros is 4007383
Converting COO to CSR...done
Vector file name: cant/b.mtx ... file loaded
Executing GPU CSR SpMV ... 
  Pinned Device to Host bandwidth (GB/s): 1.606606
  Pinned Device to Host bandwidth (GB/s): 4.016863
  Pinned Device to Host bandwidth (GB/s): 11.105583
  Pinned Device to Host bandwidth (GB/s): 7.798576
Executing GPU CSR SpMV allocation complete
  Exec time (per itr): 0.00043515 s
Executing GPU CSR SpMV kernel complete
  Pinned Host to Device bandwidth (GB/s): 1.821366
Executing GPU ELL SpMV ... 
  Pinned Device to Host bandwidth (GB/s): 0.217069
  Pinned Device to Host bandwidth (GB/s): 0.462451
  Pinned Device to Host bandwidth (GB/s): 7.502523
GPU ELL SpMV allocated... 
  Exec time (per itr): 0.00042061 s
Executing GPU ELL SpMV kernel... 
  Pinned Host to Device bandwidth (GB/s): 1.548577
Calculating CPU CSR SpMV ... done
2-Norm between CPU and GPU answers: 4.806912e+05
Result file name: ./test.mtx ... file saved
Module		Time
Load		0.626539
Convert		0.023358
CPU SpMV	0.023312
GPU Alloc	0.207739
GPU SpMV	0.043533
GPU ELL SpMV	0.042076
Store		0.018326
