-----------------------------------------------------
Matrix name:     cant/cant.mtx
Matrix size:     62451 x 62451 => 2034917
-----------------------------------------------------
Is matrix:       1
Is sparse:       1
-----------------------------------------------------
Is complex:      0
Is real:         1
Is integer:      0
Is pattern only: 0
-----------------------------------------------------
Is general:      0
Is symmetric:    1
Is skewed:       0
Is hermitian:    0
-----------------------------------------------------
Matrix file name: cant/cant.mtx ... file loaded.
Expanding symmetric matrix ... done
  Total # of non-zeros is 4007383
Converting COO to CSR...done
Vector file name: cant/b.mtx ... file loaded
Executing GPU CSR SpMV ... 
  Pinned Device to Host bandwidth (GB/s): 1.727484
  Pinned Device to Host bandwidth (GB/s): 4.039603
  Pinned Device to Host bandwidth (GB/s): 4.714901
  Pinned Device to Host bandwidth (GB/s): 7.849547
Executing GPU CSR SpMV allocation complete
  Exec time (per itr): 0.00043325 s
Executing GPU CSR SpMV kernel complete
  Pinned Host to Device bandwidth (GB/s): 1.585534
Executing GPU ELL SpMV ... 
  Pinned Device to Host bandwidth (GB/s): 0.256018
  Pinned Device to Host bandwidth (GB/s): 0.494715
  Pinned Device to Host bandwidth (GB/s): 7.994240
GPU ELL SpMV allocated... 
  Exec time (per itr): 0.00041688 s
Executing GPU ELL SpMV kernel... 
  Pinned Host to Device bandwidth (GB/s): 1.998304
Calculating CPU CSR SpMV ... done
2-Norm between CPU and GPU answers: 4.806912e+05
Result file name: ./test.mtx ... file saved
Module		Time
Load		0.577576
Convert		0.022838
CPU SpMV	0.020374
GPU Alloc	0.204119
GPU SpMV	0.043342
GPU ELL SpMV	0.041703
Store		0.017496
