-----------------------------------------------------
Matrix name:     cant/cant.mtx
Matrix size:     62451 x 62451 => 2034917
-----------------------------------------------------
Is matrix:       1
Is sparse:       1
-----------------------------------------------------
Is complex:      0
Is real:         1
Is integer:      0
Is pattern only: 0
-----------------------------------------------------
Is general:      0
Is symmetric:    1
Is skewed:       0
Is hermitian:    0
-----------------------------------------------------
Matrix file name: cant/cant.mtx ... file loaded.
Expanding symmetric matrix ... done
  Total # of non-zeros is 4007383
Converting COO to CSR...done
Vector file name: cant/b.mtx ... file loaded
Executing GPU CSR SpMV ... 
  Pinned Device to Host bandwidth (GB/s): 1.573891
  Pinned Device to Host bandwidth (GB/s): 4.306791
  Pinned Device to Host bandwidth (GB/s): 5.013967
  Pinned Device to Host bandwidth (GB/s): 7.309340
Executing GPU CSR SpMV allocation complete
  Exec time (per itr): 0.00015301 s
Executing GPU CSR SpMV kernel complete
  Pinned Host to Device bandwidth (GB/s): 1.967828
Executing GPU ELL SpMV ... 
  Pinned Device to Host bandwidth (GB/s): 0.177542
  Pinned Device to Host bandwidth (GB/s): 0.402062
  Pinned Device to Host bandwidth (GB/s): 7.459508
GPU ELL SpMV allocated... 
  Exec time (per itr): 0.00014772 s
Executing GPU ELL SpMV kernel... 
  Pinned Host to Device bandwidth (GB/s): 2.056745
Calculating CPU CSR SpMV ... done
2-Norm between CPU and GPU answers: 4.806912e+05
Result file name: ./test.mtx ... file saved
Module		Time
Load		0.634977
Convert		0.023755
CPU SpMV	0.020767
GPU Alloc	0.244669
GPU SpMV	0.015324
GPU ELL SpMV	0.014793
Store		0.024743
