-----------------------------------------------------
Matrix name:     cant/cant.mtx
Matrix size:     62451 x 62451 => 2034917
-----------------------------------------------------
Is matrix:       1
Is sparse:       1
-----------------------------------------------------
Is complex:      0
Is real:         1
Is integer:      0
Is pattern only: 0
-----------------------------------------------------
Is general:      0
Is symmetric:    1
Is skewed:       0
Is hermitian:    0
-----------------------------------------------------
Matrix file name: cant/cant.mtx ... file loaded.
Expanding symmetric matrix ... done
  Total # of non-zeros is 4007383
Converting COO to CSR...done
Vector file name: cant/b.mtx ... file loaded
Executing GPU CSR SpMV ... 
  Pinned Device to Host bandwidth (GB/s): 1.693751
  Pinned Device to Host bandwidth (GB/s): 4.066329
  Pinned Device to Host bandwidth (GB/s): 11.124080
  Pinned Device to Host bandwidth (GB/s): 7.473791
Executing GPU CSR SpMV allocation complete
  Exec time (per itr): 0.00074108 s
Executing GPU CSR SpMV kernel complete
  Pinned Host to Device bandwidth (GB/s): 1.756610
Executing GPU ELL SpMV ... 
  Pinned Device to Host bandwidth (GB/s): 3.963229
  Pinned Device to Host bandwidth (GB/s): 2.494336
  Pinned Device to Host bandwidth (GB/s): 2.337588
  Exec time (per itr): 0.00029064 s
  Pinned Host to Device bandwidth (GB/s): 1.567388
Calculating CPU CSR SpMV ... done
2-Norm between CPU and GPU answers: 4.806907e+05
Result file name: ./test.mtx ... file saved
Module		Time
Load		0.655793
Convert		0.028273
CPU SpMV	0.019283
GPU Alloc	0.206899
GPU SpMV	0.074122
GPU ELL SpMV	0.029080
Store		0.017803
