-----------------------------------------------------
Matrix name:     cant/cant.mtx
Matrix size:     62451 x 62451 => 2034917
-----------------------------------------------------
Is matrix:       1
Is sparse:       1
-----------------------------------------------------
Is complex:      0
Is real:         1
Is integer:      0
Is pattern only: 0
-----------------------------------------------------
Is general:      0
Is symmetric:    1
Is skewed:       0
Is hermitian:    0
-----------------------------------------------------
Matrix file name: cant/cant.mtx ... file loaded.
Expanding symmetric matrix ... done
  Total # of non-zeros is 4007383
Converting COO to CSR...done
Vector file name: cant/b.mtx ... file loaded
Executing GPU CSR SpMV ... 
  Pinned Device to Host bandwidth (GB/s): 1.791715
  Pinned Device to Host bandwidth (GB/s): 4.049236
  Pinned Device to Host bandwidth (GB/s): 11.145117
  Pinned Device to Host bandwidth (GB/s): 7.484540
Executing GPU CSR SpMV allocation complete
  Exec time (per itr): 0.00074715 s
Executing GPU CSR SpMV kernel complete
  Pinned Host to Device bandwidth (GB/s): 1.833343
Executing GPU ELL SpMV ... 
  Pinned Device to Host bandwidth (GB/s): 4.190009
  Pinned Device to Host bandwidth (GB/s): 2.643022
  Pinned Device to Host bandwidth (GB/s): 2.369517
GPU ELL SpMV allocated... 
