-----------------------------------------------------
Matrix name:     cant/cant.mtx
Matrix size:     62451 x 62451 => 2034917
-----------------------------------------------------
Is matrix:       1
Is sparse:       1
-----------------------------------------------------
Is complex:      0
Is real:         1
Is integer:      0
Is pattern only: 0
-----------------------------------------------------
Is general:      0
Is symmetric:    1
Is skewed:       0
Is hermitian:    0
-----------------------------------------------------
Matrix file name: cant/cant.mtx ... file loaded.
Expanding symmetric matrix ... done
  Total # of non-zeros is 4007383
Converting COO to CSR...done
Vector file name: cant/b.mtx ... file loaded
Executing GPU CSR SpMV ... 
  Pinned Device to Host bandwidth (GB/s): 1.836823
  Pinned Device to Host bandwidth (GB/s): 4.422457
  Pinned Device to Host bandwidth (GB/s): 10.485590
  Pinned Device to Host bandwidth (GB/s): 7.371459
Executing GPU CSR SpMV allocation complete
  Exec time (per itr): 0.00016246 s
Executing GPU CSR SpMV kernel complete
  Pinned Host to Device bandwidth (GB/s): 1.747566
Executing GPU ELL SpMV ... 
  Pinned Device to Host bandwidth (GB/s): 12.894405
  Pinned Device to Host bandwidth (GB/s): 9.717578
  Pinned Device to Host bandwidth (GB/s): 7.288866
GPU ELL SpMV allocated... 
  Exec time (per itr): 0.00010177 s
Executing GPU ELL SpMV kernel... 
  Pinned Host to Device bandwidth (GB/s): 2.060545
Calculating CPU CSR SpMV ... done
2-Norm between CPU and GPU answers: 4.806907e+05
Result file name: ./test.mtx ... file saved
Module		Time
Load		0.597370
Convert		0.033256
CPU SpMV	0.016478
GPU Alloc	0.252841
GPU SpMV	0.016266
GPU ELL SpMV	0.010199
Store		0.172781
