-----------------------------------------------------
Matrix name:     cant/cant.mtx
Matrix size:     62451 x 62451 => 2034917
-----------------------------------------------------
Is matrix:       1
Is sparse:       1
-----------------------------------------------------
Is complex:      0
Is real:         1
Is integer:      0
Is pattern only: 0
-----------------------------------------------------
Is general:      0
Is symmetric:    1
Is skewed:       0
Is hermitian:    0
-----------------------------------------------------
Matrix file name: cant/cant.mtx ... file loaded.
Expanding symmetric matrix ... done
  Total # of non-zeros is 4007383
Converting COO to CSR...done
Vector file name: cant/b.mtx ... file loaded
Executing GPU CSR SpMV ... 
  Pinned Device to Host bandwidth (GB/s): 1.742522
  Pinned Device to Host bandwidth (GB/s): 4.400700
  Pinned Device to Host bandwidth (GB/s): 5.644838
  Pinned Device to Host bandwidth (GB/s): 2.593480
Executing GPU CSR SpMV allocation complete
  Exec time (per itr): 0.00074455 s
Executing GPU CSR SpMV kernel complete
  Pinned Host to Device bandwidth (GB/s): 1.071348
Executing GPU ELL SpMV ... 
  Pinned Device to Host bandwidth (GB/s): 4.341087
  Pinned Device to Host bandwidth (GB/s): 2.795769
  Pinned Device to Host bandwidth (GB/s): 2.526744
GPU ELL SpMV allocated... 
  Exec time (per itr): 0.00030193 s
Executing GPU ELL SpMV kernel... 
  Pinned Host to Device bandwidth (GB/s): 1.450190
Calculating CPU CSR SpMV ... done
2-Norm between CPU and GPU answers: 4.806907e+05
Result file name: ./test.mtx ... file saved
Module		Time
Load		0.583282
Convert		0.027401
CPU SpMV	0.019432
GPU Alloc	0.265577
GPU SpMV	0.074472
GPU ELL SpMV	0.030210
Store		0.017657
