-----------------------------------------------------
Matrix name:     cant/cant.mtx
Matrix size:     62451 x 62451 => 2034917
-----------------------------------------------------
Is matrix:       1
Is sparse:       1
-----------------------------------------------------
Is complex:      0
Is real:         1
Is integer:      0
Is pattern only: 0
-----------------------------------------------------
Is general:      0
Is symmetric:    1
Is skewed:       0
Is hermitian:    0
-----------------------------------------------------
Matrix file name: cant/cant.mtx ... file loaded.
Expanding symmetric matrix ... done
  Total # of non-zeros is 4007383
Converting COO to CSR...done
Vector file name: cant/b.mtx ... file loaded
Executing GPU CSR SpMV ... 
  Pinned Device to Host bandwidth (GB/s): 1.775819
  Pinned Device to Host bandwidth (GB/s): 4.663001
  Pinned Device to Host bandwidth (GB/s): 11.151941
  Pinned Device to Host bandwidth (GB/s): 7.642071
Executing GPU CSR SpMV allocation complete
  Exec time (per itr): 0.00006882 s
Executing GPU CSR SpMV kernel complete
  Pinned Host to Device bandwidth (GB/s): 1.762360
Executing GPU ELL SpMV ... 
  Pinned Device to Host bandwidth (GB/s): 13.147546
  Pinned Device to Host bandwidth (GB/s): 9.727871
  Pinned Device to Host bandwidth (GB/s): 7.463073
GPU ELL SpMV allocated... 
  Exec time (per itr): 0.00005685 s
Executing GPU ELL SpMV kernel... 
  Pinned Host to Device bandwidth (GB/s): 2.067914
Calculating CPU CSR SpMV ... done
2-Norm between CPU and GPU answers: 4.806907e+05
Result file name: ./test.mtx ... file saved
Module		Time
Load		0.588638
Convert		0.030937
CPU SpMV	0.015424
GPU Alloc	0.273174
GPU SpMV	0.006901
GPU ELL SpMV	0.005701
Store		0.161190
