-----------------------------------------------------
Matrix name:     cant/cant.mtx
Matrix size:     62451 x 62451 => 2034917
-----------------------------------------------------
Is matrix:       1
Is sparse:       1
-----------------------------------------------------
Is complex:      0
Is real:         1
Is integer:      0
Is pattern only: 0
-----------------------------------------------------
Is general:      0
Is symmetric:    1
Is skewed:       0
Is hermitian:    0
-----------------------------------------------------
Matrix file name: cant/cant.mtx ... file loaded.
Expanding symmetric matrix ... done
  Total # of non-zeros is 4007383
Converting COO to CSR...done
Vector file name: cant/b.mtx ... file loaded
Executing GPU CSR SpMV ... 
  Pinned Device to Host bandwidth (GB/s): 1.608924
  Pinned Device to Host bandwidth (GB/s): 4.625626
  Pinned Device to Host bandwidth (GB/s): 10.691030
  Pinned Device to Host bandwidth (GB/s): 6.021115
Executing GPU CSR SpMV allocation complete
  Exec time (per itr): 0.00016247 s
Executing GPU CSR SpMV kernel complete
  Pinned Host to Device bandwidth (GB/s): 1.683860
Executing GPU ELL SpMV ... 
  Pinned Device to Host bandwidth (GB/s): 12.993432
  Pinned Device to Host bandwidth (GB/s): 9.432438
  Pinned Device to Host bandwidth (GB/s): 7.288866
GPU ELL SpMV allocated... 
  Exec time (per itr): 0.00010128 s
Executing GPU ELL SpMV kernel... 
  Pinned Host to Device bandwidth (GB/s): 2.090900
Calculating CPU CSR SpMV ... done
2-Norm between CPU and GPU answers: 4.806907e+05
Result file name: ./test.mtx ... file saved
Module		Time
Load		0.617115
Convert		0.032075
CPU SpMV	0.016867
GPU Alloc	0.259626
GPU SpMV	0.016266
GPU ELL SpMV	0.010147
Store		0.191649
