-----------------------------------------------------
Matrix name:     cant/cant.mtx
Matrix size:     62451 x 62451 => 2034917
-----------------------------------------------------
Is matrix:       1
Is sparse:       1
-----------------------------------------------------
Is complex:      0
Is real:         1
Is integer:      0
Is pattern only: 0
-----------------------------------------------------
Is general:      0
Is symmetric:    1
Is skewed:       0
Is hermitian:    0
-----------------------------------------------------
Matrix file name: cant/cant.mtx ... file loaded.
Expanding symmetric matrix ... done
  Total # of non-zeros is 4007383
Converting COO to CSR...done
Vector file name: cant/b.mtx ... file loaded
Executing GPU CSR SpMV ... 
  Pinned Device to Host bandwidth (GB/s): 1.616587
  Pinned Device to Host bandwidth (GB/s): 4.651872
  Pinned Device to Host bandwidth (GB/s): 10.666898
  Pinned Device to Host bandwidth (GB/s): 7.254995
Executing GPU CSR SpMV allocation complete
  Exec time (per itr): 0.00006999 s
Executing GPU CSR SpMV kernel complete
  Pinned Host to Device bandwidth (GB/s): 1.813960
Executing GPU ELL SpMV ... 
  Pinned Device to Host bandwidth (GB/s): 13.185296
  Pinned Device to Host bandwidth (GB/s): 9.769260
  Pinned Device to Host bandwidth (GB/s): 7.473791
GPU ELL SpMV allocated... 
  Exec time (per itr): 0.00005685 s
Executing GPU ELL SpMV kernel... 
  Pinned Host to Device bandwidth (GB/s): 2.047842
Calculating CPU CSR SpMV ... done
2-Norm between CPU and GPU answers: 4.806907e+05
Result file name: ./test.mtx ... file saved
Module		Time
Load		0.585830
Convert		0.030899
CPU SpMV	0.016467
GPU Alloc	0.215506
GPU SpMV	0.007021
GPU ELL SpMV	0.005702
Store		0.018546
