-----------------------------------------------------
Matrix name:     cant/cant.mtx
Matrix size:     62451 x 62451 => 2034917
-----------------------------------------------------
Is matrix:       1
Is sparse:       1
-----------------------------------------------------
Is complex:      0
Is real:         1
Is integer:      0
Is pattern only: 0
-----------------------------------------------------
Is general:      0
Is symmetric:    1
Is skewed:       0
Is hermitian:    0
-----------------------------------------------------
Matrix file name: cant/cant.mtx ... file loaded.
Expanding symmetric matrix ... done
  Total # of non-zeros is 4007383
Converting COO to CSR...done
Vector file name: cant/b.mtx ... file loaded
Executing GPU CSR SpMV ... 
  Pinned Device to Host bandwidth (GB/s): 1.781493
  Pinned Device to Host bandwidth (GB/s): 4.929373
  Pinned Device to Host bandwidth (GB/s): 6.047565
  Pinned Device to Host bandwidth (GB/s): 7.612262
Executing GPU CSR SpMV allocation complete
  Exec time (per itr): 0.00007051 s
Executing GPU CSR SpMV kernel complete
  Pinned Host to Device bandwidth (GB/s): 1.847225
Executing GPU ELL SpMV ... 
  Pinned Device to Host bandwidth (GB/s): 14.658345
  Pinned Device to Host bandwidth (GB/s): 17.657649
  Pinned Device to Host bandwidth (GB/s): 12.084172
GPU ELL SpMV allocated... 
  Exec time (per itr): 0.00005678 s
Executing GPU ELL SpMV kernel... 
  Pinned Host to Device bandwidth (GB/s): 2.105847
Calculating CPU CSR SpMV ... done
2-Norm between CPU and GPU answers: 4.806907e+05
Result file name: ./test.mtx ... file saved
Module		Time
Load		0.583797
Convert		0.061348
CPU SpMV	0.017206
GPU Alloc	0.206986
GPU SpMV	0.007071
GPU ELL SpMV	0.005698
Store		0.192310
