-----------------------------------------------------
Matrix name:     cant/cant.mtx
Matrix size:     62451 x 62451 => 2034917
-----------------------------------------------------
Is matrix:       1
Is sparse:       1
-----------------------------------------------------
Is complex:      0
Is real:         1
Is integer:      0
Is pattern only: 0
-----------------------------------------------------
Is general:      0
Is symmetric:    1
Is skewed:       0
Is hermitian:    0
-----------------------------------------------------
Matrix file name: cant/cant.mtx ... file loaded.
Expanding symmetric matrix ... done
  Total # of non-zeros is 4007383
Converting COO to CSR...done
Vector file name: cant/b.mtx ... file loaded
Executing GPU CSR SpMV ... 
  Pinned Device to Host bandwidth (GB/s): 1.904024
  Pinned Device to Host bandwidth (GB/s): 4.920367
  Pinned Device to Host bandwidth (GB/s): 11.019951
  Pinned Device to Host bandwidth (GB/s): 7.608553
Executing GPU CSR SpMV allocation complete
  Exec time (per itr): 0.00016255 s
Executing GPU CSR SpMV kernel complete
  Pinned Host to Device bandwidth (GB/s): 1.509499
Executing GPU ELL SpMV ... 
  Pinned Device to Host bandwidth (GB/s): 12.527572
  Pinned Device to Host bandwidth (GB/s): 9.752958
  Pinned Device to Host bandwidth (GB/s): 7.455945
GPU ELL SpMV allocated... 
  Exec time (per itr): 0.00010082 s
Executing GPU ELL SpMV kernel... 
  Pinned Host to Device bandwidth (GB/s): 2.066545
Calculating CPU CSR SpMV ... done
2-Norm between CPU and GPU answers: 4.806907e+05
Result file name: ./test.mtx ... file saved
Module		Time
Load		0.575671
Convert		0.032269
CPU SpMV	0.017160
GPU Alloc	0.253359
GPU SpMV	0.016273
GPU ELL SpMV	0.010100
Store		0.188199
