-----------------------------------------------------
Matrix name:     cant/cant.mtx
Matrix size:     62451 x 62451 => 2034917
-----------------------------------------------------
Is matrix:       1
Is sparse:       1
-----------------------------------------------------
Is complex:      0
Is real:         1
Is integer:      0
Is pattern only: 0
-----------------------------------------------------
Is general:      0
Is symmetric:    1
Is skewed:       0
Is hermitian:    0
-----------------------------------------------------
Matrix file name: cant/cant.mtx ... file loaded.
Expanding symmetric matrix ... done
  Total # of non-zeros is 4007383
Converting COO to CSR...done
Vector file name: cant/b.mtx ... file loaded
Executing GPU CSR SpMV ... 
  Pinned Device to Host bandwidth (GB/s): 1.639676
  Pinned Device to Host bandwidth (GB/s): 4.042080
  Pinned Device to Host bandwidth (GB/s): 11.118648
  Pinned Device to Host bandwidth (GB/s): 7.455945
Executing GPU CSR SpMV allocation complete
  Exec time (per itr): 0.00074320 s
Executing GPU CSR SpMV kernel complete
  Pinned Host to Device bandwidth (GB/s): 1.785743
Executing GPU ELL SpMV ... 
  Pinned Device to Host bandwidth (GB/s): 4.085113
  Pinned Device to Host bandwidth (GB/s): 2.485849
  Pinned Device to Host bandwidth (GB/s): 2.337238
GPU ELL SpMV allocated... 
  Exec time (per itr): 0.00029887 s
Executing GPU ELL SpMV kernel... 
  Pinned Host to Device bandwidth (GB/s): 1.563934
Calculating CPU CSR SpMV ... done
2-Norm between CPU and GPU answers: 4.806907e+05
Result file name: ./test.mtx ... file saved
Module		Time
Load		0.624225
Convert		0.026925
CPU SpMV	0.019291
GPU Alloc	0.208028
GPU SpMV	0.074333
GPU ELL SpMV	0.029906
Store		0.019434
