-----------------------------------------------------
Matrix name:     cant/cant.mtx
Matrix size:     62451 x 62451 => 2034917
-----------------------------------------------------
Is matrix:       1
Is sparse:       1
-----------------------------------------------------
Is complex:      0
Is real:         1
Is integer:      0
Is pattern only: 0
-----------------------------------------------------
Is general:      0
Is symmetric:    1
Is skewed:       0
Is hermitian:    0
-----------------------------------------------------
Matrix file name: cant/cant.mtx ... file loaded.
Expanding symmetric matrix ... done
  Total # of non-zeros is 4007383
Converting COO to CSR...done
Vector file name: cant/b.mtx ... file loaded
Executing GPU CSR SpMV ... 
  Pinned Device to Host bandwidth (GB/s): 1.746030
  Pinned Device to Host bandwidth (GB/s): 4.931557
  Pinned Device to Host bandwidth (GB/s): 10.935748
  Pinned Device to Host bandwidth (GB/s): 6.077365
Executing GPU CSR SpMV allocation complete
  Exec time (per itr): 0.00016197 s
Executing GPU CSR SpMV kernel complete
  Pinned Host to Device bandwidth (GB/s): 1.750701
Executing GPU ELL SpMV ... 
  Pinned Device to Host bandwidth (GB/s): 12.930712
  Pinned Device to Host bandwidth (GB/s): 9.705842
  Pinned Device to Host bandwidth (GB/s): 6.086842
GPU ELL SpMV allocated... 
  Exec time (per itr): 0.00010134 s
Executing GPU ELL SpMV kernel... 
  Pinned Host to Device bandwidth (GB/s): 2.086987
Calculating CPU CSR SpMV ... done
2-Norm between CPU and GPU answers: 4.806907e+05
Result file name: ./test.mtx ... file saved
Module		Time
Load		0.599343
Convert		0.032345
CPU SpMV	0.018229
GPU Alloc	0.254699
GPU SpMV	0.016205
GPU ELL SpMV	0.010149
Store		0.158630
