-----------------------------------------------------
Matrix name:     cant/cant.mtx
Matrix size:     62451 x 62451 => 2034917
-----------------------------------------------------
Is matrix:       1
Is sparse:       1
-----------------------------------------------------
Is complex:      0
Is real:         1
Is integer:      0
Is pattern only: 0
-----------------------------------------------------
Is general:      0
Is symmetric:    1
Is skewed:       0
Is hermitian:    0
-----------------------------------------------------
Matrix file name: cant/cant.mtx ... file loaded.
Expanding symmetric matrix ... done
  Total # of non-zeros is 4007383
Converting COO to CSR...done
Vector file name: cant/b.mtx ... file loaded
Executing GPU CSR SpMV ... 
  Pinned Device to Host bandwidth (GB/s): 1.876112
  Pinned Device to Host bandwidth (GB/s): 3.905618
  Pinned Device to Host bandwidth (GB/s): 10.620086
  Pinned Device to Host bandwidth (GB/s): 7.402916
Executing GPU CSR SpMV allocation complete
  Exec time (per itr): 0.00016256 s
Executing GPU CSR SpMV kernel complete
  Pinned Host to Device bandwidth (GB/s): 1.759580
Executing GPU ELL SpMV ... 
  Pinned Device to Host bandwidth (GB/s): 12.889235
  Pinned Device to Host bandwidth (GB/s): 9.710240
  Pinned Device to Host bandwidth (GB/s): 7.302502
GPU ELL SpMV allocated... 
  Exec time (per itr): 0.00010158 s
Executing GPU ELL SpMV kernel... 
  Pinned Host to Device bandwidth (GB/s): 2.112972
Calculating CPU CSR SpMV ... done
2-Norm between CPU and GPU answers: 4.806907e+05
Result file name: ./test.mtx ... file saved
Module		Time
Load		0.592393
Convert		0.032153
CPU SpMV	0.017639
GPU Alloc	0.251180
GPU SpMV	0.016276
GPU ELL SpMV	0.010182
Store		0.098324
