-----------------------------------------------------
Matrix name:     cant/cant.mtx
Matrix size:     62451 x 62451 => 2034917
-----------------------------------------------------
Is matrix:       1
Is sparse:       1
-----------------------------------------------------
Is complex:      0
Is real:         1
Is integer:      0
Is pattern only: 0
-----------------------------------------------------
Is general:      0
Is symmetric:    1
Is skewed:       0
Is hermitian:    0
-----------------------------------------------------
Matrix file name: cant/cant.mtx ... file loaded.
Expanding symmetric matrix ... done
  Total # of non-zeros is 4007383
Converting COO to CSR...done
Vector file name: cant/b.mtx ... file loaded
Executing GPU CSR SpMV ... 
  Pinned Device to Host bandwidth (GB/s): 1.890651
  Pinned Device to Host bandwidth (GB/s): 4.936417
  Pinned Device to Host bandwidth (GB/s): 10.747111
  Pinned Device to Host bandwidth (GB/s): 7.608553
Executing GPU CSR SpMV allocation complete
  Exec time (per itr): 0.00016367 s
Executing GPU CSR SpMV kernel complete
  Pinned Host to Device bandwidth (GB/s): 1.791480
Executing GPU ELL SpMV ... 
  Pinned Device to Host bandwidth (GB/s): 13.338486
  Pinned Device to Host bandwidth (GB/s): 9.747044
  Pinned Device to Host bandwidth (GB/s): 7.424037
GPU ELL SpMV allocated... 
  Exec time (per itr): 0.00010117 s
Executing GPU ELL SpMV kernel... 
  Pinned Host to Device bandwidth (GB/s): 2.088942
Calculating CPU CSR SpMV ... done
2-Norm between CPU and GPU answers: 4.806907e+05
Result file name: ./test.mtx ... file saved
Module		Time
Load		0.572079
Convert		0.032892
CPU SpMV	0.018502
GPU Alloc	0.253222
GPU SpMV	0.016384
GPU ELL SpMV	0.010134
Store		0.120155
