-----------------------------------------------------
Matrix name:     cant/cant.mtx
Matrix size:     62451 x 62451 => 2034917
-----------------------------------------------------
Is matrix:       1
Is sparse:       1
-----------------------------------------------------
Is complex:      0
Is real:         1
Is integer:      0
Is pattern only: 0
-----------------------------------------------------
Is general:      0
Is symmetric:    1
Is skewed:       0
Is hermitian:    0
-----------------------------------------------------
Matrix file name: cant/cant.mtx ... file loaded.
Expanding symmetric matrix ... done
  Total # of non-zeros is 4007383
Converting COO to CSR...done
Vector file name: cant/b.mtx ... file loaded
Executing GPU CSR SpMV ... 
  Pinned Device to Host bandwidth (GB/s): 1.559429
  Pinned Device to Host bandwidth (GB/s): 4.940799
  Pinned Device to Host bandwidth (GB/s): 9.824425
  Pinned Device to Host bandwidth (GB/s): 7.653309
Executing GPU CSR SpMV allocation complete
  Exec time (per itr): 0.00006871 s
Executing GPU CSR SpMV kernel complete
  Pinned Host to Device bandwidth (GB/s): 1.703705
Executing GPU ELL SpMV ... 
  Pinned Device to Host bandwidth (GB/s): 12.868595
  Pinned Device to Host bandwidth (GB/s): 9.729343
  Pinned Device to Host bandwidth (GB/s): 7.431104
GPU ELL SpMV allocated... 
  Exec time (per itr): 0.00005679 s
Executing GPU ELL SpMV kernel... 
  Pinned Host to Device bandwidth (GB/s): 2.081145
Calculating CPU CSR SpMV ... done
2-Norm between CPU and GPU answers: 4.806907e+05
Result file name: ./test.mtx ... file saved
Module		Time
Load		0.578731
Convert		0.030277
CPU SpMV	0.016391
GPU Alloc	0.218520
GPU SpMV	0.006892
GPU ELL SpMV	0.005696
Store		0.012198
