-----------------------------------------------------
Matrix name:     cant/cant.mtx
Matrix size:     62451 x 62451 => 2034917
-----------------------------------------------------
Is matrix:       1
Is sparse:       1
-----------------------------------------------------
Is complex:      0
Is real:         1
Is integer:      0
Is pattern only: 0
-----------------------------------------------------
Is general:      0
Is symmetric:    1
Is skewed:       0
Is hermitian:    0
-----------------------------------------------------
Matrix file name: cant/cant.mtx ... file loaded.
Expanding symmetric matrix ... done
  Total # of non-zeros is 4007383
Converting COO to CSR...done
Vector file name: cant/b.mtx ... file loaded
Executing GPU CSR SpMV ... 
  Pinned Device to Host bandwidth (GB/s): 1.756638
  Pinned Device to Host bandwidth (GB/s): 4.526520
  Pinned Device to Host bandwidth (GB/s): 10.239529
  Pinned Device to Host bandwidth (GB/s): 7.582685
Executing GPU CSR SpMV allocation complete
  Exec time (per itr): 0.00006888 s
Executing GPU CSR SpMV kernel complete
  Pinned Host to Device bandwidth (GB/s): 1.752076
Executing GPU ELL SpMV ... 
  Pinned Device to Host bandwidth (GB/s): 13.009207
  Pinned Device to Host bandwidth (GB/s): 9.812500
  Pinned Device to Host bandwidth (GB/s): 7.151969
GPU ELL SpMV allocated... 
  Exec time (per itr): 0.00005686 s
Executing GPU ELL SpMV kernel... 
  Pinned Host to Device bandwidth (GB/s): 2.037154
Calculating CPU CSR SpMV ... done
2-Norm between CPU and GPU answers: 4.806907e+05
Result file name: ./test.mtx ... file saved
Module		Time
Load		0.578478
Convert		0.030816
CPU SpMV	0.016953
GPU Alloc	0.202959
GPU SpMV	0.006907
GPU ELL SpMV	0.005704
Store		0.012251
